// Vitest Snapshot v1, https://vitest.dev/guide/snapshot.html

exports[`Check Wheelchair Type > Format function should return known result for given data 1`] = `
"{{card,wheelchair

# test
***Tier tier burden Wheelchair***  
:
**Trait:** trait | **Range:** range | **Damage:** damage

---

**Feature:** feature
:

{{source *sourceID sourceSet, sourceUpdated - sourcePublisher*}}
}}

::

attribution"
`;
